[DEBUG] (tests/darray_tests.c:114) ----- RUNNING: ./tests/darray_tests
[DEBUG] (tests/darray_tests.c:101) 
----- test_create
[DEBUG] (tests/darray_tests.c:102) 
----- test_new
[DEBUG] (tests/darray_tests.c:103) 
----- test_set
[DEBUG] (tests/darray_tests.c:104) 
----- test_get
[DEBUG] (tests/darray_tests.c:105) 
----- test_remove
[DEBUG] (tests/darray_tests.c:106) 
----- test_expand_contract
[DEBUG] (tests/darray_tests.c:107) 
----- test_push_pop
[DEBUG] (tests/darray_tests.c:108) 
----- test_destroy
